<html>
<body>
<pre>
<h1>礦ision Build Log</h1>
<h2>Tool Versions:</h2>
IDE-Version: μVision V5.24.2.86
Copyright (C) 2017 ARM Ltd and ARM Germany GmbH. All rights reserved.
License Information: keil keil, keil, LIC=BUUFW-Q2FIL-ZWF2V-PMI03-RR77Y-4MXV3
 
Tool Versions:
Toolchain:       MDK-ARM Plus  Version: 5.26.2.0
Toolchain Path:  S:\keil5\ARM\ARMCC\Bin
C Compiler:      Armcc.exe V5.06 update 6 (build 750)
Assembler:       Armasm.exe V5.06 update 6 (build 750)
Linker/Locator:  ArmLink.exe V5.06 update 6 (build 750)
Library Manager: ArmAr.exe V5.06 update 6 (build 750)
Hex Converter:   FromElf.exe V5.06 update 6 (build 750)
CPU DLL:         SARMCM3.DLL V5.26.2.0
Dialog DLL:      DCM.DLL V1.17.2.0
Target DLL:      STLink\ST-LINKIII-KEIL_SWO.dll V3.0.5.0
Dialog DLL:      TCM.DLL V1.36.1.0
 
<h2>Project:</h2>
F:\数据交互终端\电控库文件\Encoder\example\MDK-ARM\bianmaqi.uvprojx
Project File Date:  10/10/2020

<h2>Output:</h2>
*** Using Compiler 'V5.06 update 6 (build 750)', folder: 'S:\keil5\ARM\ARMCC\Bin'
Build target 'bianmaqi'
compiling main.c...
compiling bsp_Encoder.c...
bsp\bsp_Encoder.c(51): warning:  #186-D: pointless comparison of unsigned integer with zero
  	if (Encoder.CaptureNumber >= 0 && Encoder.CaptureNumber <= Dir_range_check)
bsp\bsp_Encoder.c: 1 warning, 0 errors
linking...
Program Size: Code=6284 RO-data=292 RW-data=32 ZI-data=1248  
FromELF: creating hex file...
"bianmaqi\bianmaqi.axf" - 0 Error(s), 1 Warning(s).

<h2>Software Packages used:</h2>

Package Vendor: ARM
                http://www.keil.com/pack/ARM.CMSIS.5.4.0.pack
                ARM.CMSIS.5.4.0
                CMSIS (Cortex Microcontroller Software Interface Standard)
   * Component: CORE Version: 5.1.2

Package Vendor: Keil
                http://www.keil.com/pack/Keil.STM32F1xx_DFP.2.2.0.pack
                Keil.STM32F1xx_DFP.2.2.0
                STMicroelectronics STM32F1 Series Device Support, Drivers and Examples

<h2>Collection of Component include folders:</h2>
  .\RTE\_bianmaqi
  S:\keil5\ARM\PACK\ARM\CMSIS\5.4.0\CMSIS\Core\Include
  S:\keil5\ARM\PACK\Keil\STM32F1xx_DFP\2.2.0\Device\Include

<h2>Collection of Component Files used:</h2>

   * Component: ARM::CMSIS:CORE:5.1.2
Build Time Elapsed:  00:00:01
</pre>
</body>
</html>
